// Jest Snapshot v1, https://goo.gl/fbAQLP

exports[`App component unit tests App should render properly 1`] = `
<div>
  <div
    class="container-fluid"
  >
    <header>
      <h2
        class="sc-AxgMl ievzTO"
      >
        Task Manager
      </h2>
    </header>
    <div
      class="table-responsive"
    >
      <table
        class="table table-dark table-bordered"
      >
        <thead>
          <tr>
            <th>
              Id
            </th>
            <th>
              Title
            </th>
            <th>
              Description
            </th>
            <th>
              Actions
            </th>
          </tr>
        </thead>
        <tbody>
          <tr
            class="sc-fzozJi ekjuyZ"
            color="pink"
            data-testid="table-row-0"
          >
            <td
              data-testid="table-id-cell-0"
            >
              <p
                class="sc-Axmtr hFrjGC"
              >
                0
              </p>
            </td>
            <td
              data-testid="table-title-cell-0"
            >
              <p
                class="sc-Axmtr hFrjGC"
              >
                Example task
              </p>
            </td>
            <td
              class="sc-AxmLO dweuuQ"
              data-testid="table-description-cell-0"
            >
              <span
                class="sc-AxheI GGwlK"
                data-testid="collapse-button-task-0"
              >
                ➡
              </span>
            </td>
            <td>
              <span
                aria-label="Cross"
                aria-labelledby="Cross"
                data-testid="remove-task-0-button"
                role="img"
                style="cursor: pointer;"
              >
                ❌
              </span>
              <span
                aria-label="Cross"
                data-testid="edit-task-0-button"
                role="img"
                style="margin-left: 0.5em; cursor: pointer;"
              >
                ✏
              </span>
              <span
                aria-label="arrow up"
                data-testid="order-down-task-0-button"
                role="img"
                style="margin-left: 0.5em; cursor: pointer;"
              >
                ⬇
                ️
              </span>
            </td>
          </tr>
          <tr
            class="sc-fzozJi bLtv"
            color="purple"
            data-testid="table-row-1"
          >
            <td
              data-testid="table-id-cell-1"
            >
              <p
                class="sc-Axmtr hFrjGC"
              >
                1
              </p>
            </td>
            <td
              data-testid="table-title-cell-1"
            >
              <p
                class="sc-Axmtr hFrjGC"
              >
                Example task 2
              </p>
            </td>
            <td
              class="sc-AxmLO dweuuQ"
              data-testid="table-description-cell-1"
            />
            <td>
              <span
                aria-label="Cross"
                aria-labelledby="Cross"
                data-testid="remove-task-1-button"
                role="img"
                style="cursor: pointer;"
              >
                ❌
              </span>
              <span
                aria-label="Cross"
                data-testid="edit-task-1-button"
                role="img"
                style="margin-left: 0.5em; cursor: pointer;"
              >
                ✏
              </span>
              <span
                aria-label="arrow up"
                data-testid="order-down-task-1-button"
                role="img"
                style="margin-left: 0.5em; cursor: pointer;"
              >
                ⬇
                ️
              </span>
              <span
                aria-label="arrow down"
                data-testid="order-up-task-1-button"
                role="img"
                style="margin-left: 0.5em; cursor: pointer;"
              >
                ⬆
                ️
              </span>
            </td>
          </tr>
          <tr
            class="sc-fzozJi ctflPh"
            color="yellow"
            data-testid="table-row-2"
          >
            <td
              data-testid="table-id-cell-2"
            >
              <p
                class="sc-Axmtr hFrjGC"
              >
                2
              </p>
            </td>
            <td
              data-testid="table-title-cell-2"
            >
              <p
                class="sc-Axmtr hFrjGC"
              >
                Example task 3
              </p>
            </td>
            <td
              class="sc-AxmLO dweuuQ"
              data-testid="table-description-cell-2"
            />
            <td>
              <span
                aria-label="Cross"
                aria-labelledby="Cross"
                data-testid="remove-task-2-button"
                role="img"
                style="cursor: pointer;"
              >
                ❌
              </span>
              <span
                aria-label="Cross"
                data-testid="edit-task-2-button"
                role="img"
                style="margin-left: 0.5em; cursor: pointer;"
              >
                ✏
              </span>
              <span
                aria-label="arrow down"
                data-testid="order-up-task-2-button"
                role="img"
                style="margin-left: 0.5em; cursor: pointer;"
              >
                ⬆
                ️
              </span>
            </td>
          </tr>
        </tbody>
      </table>
    </div>
    <button
      class="btn btn-primary"
      data-testid="add-task-button"
      type="button"
    >
      Add Task
    </button>
  </div>
</div>
`;
